node.exe : ΓÜá Warning: Next.js inferred your workspace 
root, but it may not be correct.
At line:1 char:1
+ & "C:\Program Files\nodejs/node.exe" "C:\Program 
Files\nodejs/node_mo ...
+ ~~~~~~~~~~~~~~~~~~~~~~~~~~~~~~~~~~~~~~~~~~~~~~~~~~~~~~
~~~~~~~~~~~~~~~
    + CategoryInfo          : NotSpecified: (ΓÜá Warnin 
   g: Ne...not be correct.:String) [], RemoteException
    + FullyQualifiedErrorId : NativeCommandError
 
 We detected multiple lockfiles and selected the 
directory of 
C:\Users\tommy\Desktop\Team1\package-lock.json as the 
root directory.
 To silence this warning, set `turbopack.root` in your 
Next.js config, or consider removing one of the 
lockfiles if it's not needed.
   See https://nextjs.org/docs/app/api-reference/config/
next-config-js/turbopack#root-directory for more 
information.
 Detected additional lockfiles: 
   * 
C:\Users\tommy\Desktop\Team1\frontend\package-lock.json

Γû▓ Next.js 16.1.6 (Turbopack)

  Creating an optimized production build ...
Γ£ô Compiled successfully in 4.6s
  Running TypeScript ...
Failed to compile.

.next/dev/types/validator.ts:60:39
Type error: File 'C:/Users/tommy/Desktop/Team1/frontend/
src/app/admin/page.tsx' is not a module.

[0m [90m 58 |[39m {
 [90m 59 |[39m   type 
__IsExpected[33m<[39m[33mSpecific[39m 
[36mextends[39m [33mAppPageConfig[39m[33m<[39m[32
m"/admin"[39m[33m>>[39m [33m=[39m 
[33mSpecific[39m
[31m[1m>[22m[39m[90m 60 |[39m   [36mconst[39m 
handler [33m=[39m {} [36mas[39m [36mtypeof[39m [3
6mimport[39m([32m"../../../src/app/admin/page.js"[39m
)
 [90m    |[39m                                       
[31m[1m^[22m[39m
 [90m 61 |[39m   type __Check [33m=[39m 
__IsExpected[33m<[39m[36mtypeof[39m 
handler[33m>[39m
 [90m 62 |[39m   [90m// @ts-ignore[39m
 [90m 63 |[39m   type __Unused [33m=[39m __Check[0m
Next.js build worker exited with code: 1 and signal: 
null
